[debug] [2022-04-11T21:07:18.542Z] ----------------------------------------------------------------------
[debug] [2022-04-11T21:07:18.544Z] Command:       C:\Program Files\nodejs\node.exe C:\Program Files\nodejs\node_modules\firebase-tools\lib\bin\firebase.js deploy
[debug] [2022-04-11T21:07:18.545Z] CLI Version:   9.18.0
[debug] [2022-04-11T21:07:18.545Z] Platform:      win32
[debug] [2022-04-11T21:07:18.545Z] Node Version:  v14.15.3
[debug] [2022-04-11T21:07:18.546Z] Time:          Tue Apr 12 2022 02:07:18 GMT+0500 (Pakistan Standard Time)
[debug] [2022-04-11T21:07:18.546Z] ----------------------------------------------------------------------
[debug] 
[debug] [2022-04-11T21:07:18.654Z] > command requires scopes: ["email","openid","https://www.googleapis.com/auth/cloudplatformprojects.readonly","https://www.googleapis.com/auth/firebase","https://www.googleapis.com/auth/cloud-platform"]
[debug] [2022-04-11T21:07:18.654Z] > authorizing via signed-in user (ammarnaeem77@googlemail.com)
[debug] [2022-04-11T21:07:18.654Z] [iam] checking project greenfilterusa for permissions ["firebase.projects.get","firebasehosting.sites.update"]
[debug] [2022-04-11T21:07:18.657Z] > refreshing access token with scopes: ["email","https://www.googleapis.com/auth/cloud-platform","https://www.googleapis.com/auth/cloudplatformprojects.readonly","https://www.googleapis.com/auth/firebase","openid"]
[debug] [2022-04-11T21:07:18.657Z] >>> HTTP REQUEST POST https://www.googleapis.com/oauth2/v3/token  
 <request body omitted>
[debug] [2022-04-11T21:07:40.911Z] [iam] error while checking permissions, command may fail: FirebaseError: Authentication Error: Your credentials are no longer valid. Please run firebase login --reauth

For CI servers and headless environments, generate a new token with firebase login:ci
[debug] [2022-04-11T21:07:40.916Z] > refreshing access token with scopes: []
[debug] [2022-04-11T21:07:40.917Z] >>> HTTP REQUEST POST https://www.googleapis.com/oauth2/v3/token  
 <request body omitted>
[debug] [2022-04-11T21:08:01.982Z] Authentication Error: Your credentials are no longer valid. Please run firebase login --reauth

For CI servers and headless environments, generate a new token with firebase login:ci
[debug] [2022-04-11T21:08:23.960Z] FirebaseError: Authentication Error: Your credentials are no longer valid. Please run firebase login --reauth

For CI servers and headless environments, generate a new token with firebase login:ci
    at invalidCredentialError (C:\Users\ammar\AppData\Roaming\nvm\v14.15.3\node_modules\firebase-tools\lib\auth.js:141:12)
    at refreshTokens (C:\Users\ammar\AppData\Roaming\nvm\v14.15.3\node_modules\firebase-tools\lib\auth.js:448:15)
    at processTicksAndRejections (internal/process/task_queues.js:93:5)
    at async Client.getAccessToken (C:\Users\ammar\AppData\Roaming\nvm\v14.15.3\node_modules\firebase-tools\lib\apiv2.js:144:23)
    at async Client.addAuthHeader (C:\Users\ammar\AppData\Roaming\nvm\v14.15.3\node_modules\firebase-tools\lib\apiv2.js:135:21)
    at async Client.request (C:\Users\ammar\AppData\Roaming\nvm\v14.15.3\node_modules\firebase-tools\lib\apiv2.js:93:34)
    at async Object.getFirebaseProject (C:\Users\ammar\AppData\Roaming\nvm\v14.15.3\node_modules\firebase-tools\lib\management\projects.js:290:21)
    at async Object.getDefaultHostingSite (C:\Users\ammar\AppData\Roaming\nvm\v14.15.3\node_modules\firebase-tools\lib\getDefaultHostingSite.js:8:21)
    at async requireHostingSite (C:\Users\ammar\AppData\Roaming\nvm\v14.15.3\node_modules\firebase-tools\lib\requireHostingSite.js:9:18)
    at async Object.fn (C:\Users\ammar\AppData\Roaming\nvm\v14.15.3\node_modules\firebase-tools\lib\commands\deploy.js:65:9)
    at async C:\Users\ammar\AppData\Roaming\nvm\v14.15.3\node_modules\firebase-tools\lib\command.js:188:17
[error] 
[error] Error: Failed to get Firebase project greenfilterusa. Please make sure the project exists and your account has permission to access it.
